PASS natural variance: two plain fetches of / are byte-identical (37038 bytes)
PASS plugin active, all switches off: no plugin output on /
PASS baseline (plugin inactive) is stable
PASS SWITCHES OFF: home markup is byte-identical to the plugin-inactive baseline (37038 bytes, sha256 f143f046d31413ef)
PASS after reactivation (still all off): byte-identical again
NOTE switches: [["sw[story]",false],["sw[home_band]",false],["sw[catering_band]",false],["sw[band_image]",false],["sw[strip]",false],["sw[home_hero_video]",false],["sw[hero_chip]",true]]
PASS settings screen has 7 switches
PASS defaults: only the Concept preview label is ticked; Home hero video is OFF
NOTE status (no videos): "Now: Off. Tick \"Home hero video\" above and save to turn it on."
PASS status says Off while the switch is off
PASS status table lists 5 videos + 2 posters
PASS both posters found in the media plugin
PASS all 5 videos 'not found' before upload
PASS switch on + no videos: status explains why it is not running
PASS switch on but no videos: home is still byte-identical to baseline (fail closed on missing media)
NOTE upload screen items: ["dbgr-hero-loop-720-av1 dbgr-hero-loop-720-av1.mp4 Edit Copy URL to clipboard Cop","dbgr-hero-loop-1080-av1 dbgr-hero-loop-1080-av1.mp4 Edit Copy URL to clipboard C","dbgr-hero-loop-720-hevc dbgr-hero-loop-720-hevc.mp4 Edit Copy URL to clipboard C","dbgr-hero-loop-1080-hevc dbgr-hero-loop-1080-hevc.mp4 Edit Copy URL to clipboard","dbgr-hero-loop-720-h264 dbgr-hero-loop-720-h264.mp4 Edit Copy URL to clipboard C"]
NOTE status after upload: {"state":"Now: Running on the home page hero.","rows":{"dbgr-hero-loop-720-av1.mp4":{"found":"yes","where":"Media Library (item 46)","size":"1.3 MB"},"dbgr-hero-loop-1080-av1.mp4":{"found":"yes","where":"Media Library (item 47)","size":"1.8 MB"},"dbgr-hero-loop-720-hevc.mp4":{"found":"yes","where":"Media Library (item 48)","size":"1.4 MB"},"dbgr-hero-loop-1080-hevc.mp4":{"found":"yes","where":"Media Library (item 49)","size":"1.6 MB"},"dbgr-hero-loop-720-h264.mp4":{"found":"yes","where":"Media Library (item 50)","size":"1.6 MB"},"dbgr-hero-poster-1080.webp":{"found":"yes","where":"Media plugin folder","size":"292.4 KB"},"dbgr-hero-poster-720.webp":{"found":"yes","where":"Media plugin folder","size":"149.4 KB"}}}
PASS after upload (no settings save): all 5 found in the Media Library, so add_attachment cleared the cache
PASS status says Running
NOTE data attributes on the video: ["av1-720 /wp-content/uploads/2026/10/dbgr-hero-loop-720-av1.mp4","av1-1080 /wp-content/uploads/2026/10/dbgr-hero-loop-1080-av1.mp4","hevc-720 /wp-content/uploads/2026/10/dbgr-hero-loop-720-hevc.mp4","hevc-1080 /wp-content/uploads/2026/10/dbgr-hero-loop-1080-hevc.mp4","h264-720 /wp-content/uploads/2026/10/dbgr-hero-loop-720-h264.mp4"]
PASS home markup carries 5 data-* addresses and no <source> tag
PASS repeat upload: lookup picks the newest item (51 > 46)
PASS WordPress named the repeat upload with -1 and the page uses it: /wp-content/uploads/2026/10/dbgr-hero-loop-720-av1-1.mp4
PASS duplicate deleted (REST 200)
PASS after deleting the duplicate the original is found again (delete_attachment cleared the cache)
PASS page is back on the original file name
PASS CACHE: a new file in the media plugin is not seen until the cache is cleared (transient in use)
PASS settings save cleared the cache: the media plugin copy is now preferred over the Media Library
PASS page serves the media plugin copy for h264-720
PASS plugin copy removed + save: back to the Media Library file
PASS ON: section carries has-dbgr-video
PASS ON: background_image is the 1080 WebP poster and the <video> sits inside .db-mh-backdrop
PASS ON: Concept preview chip follows the backdrop
PASS ON: steam element removed
PASS ON: exactly one wp_head poster preload with fetchpriority=high
PASS ON: stylesheet and script are loaded
PASS ON: script is deferred in the footer
NOTE script tag: <script data-wp-strategy="defer" defer id="dbgr-hero-js" src="/wp-content/plugins/doughboss-growth-box/public/js/dbgr-hero.js?ver=0.2.0"></script>
PASS ON: the home page is NOT noindex (robots: max-image-preview:large)
NOTE sitemap unaffected by the hero video (not asserted beyond: contains pages) true
PASS label setting OFF: no chip in the markup, video still on
PASS catering page: no hero video output
PASS menu page: no hero video output

phase A: 36 passed, 0 failed
exit 0
